A new deployment plan was computed and differs from the default deployment plan currently saved on disk:
+ ---
  id: 0
- name: Simulated deployment, used as a default for `clarinet console`, `clarinet test` and `clarinet check`
+ name: "Simulated deployment, used as a default for `clarinet console`, `clarinet test` and `clarinet check`"
  network: simnet
  genesis:
    wallets:
-   - name: deployer
-     address: ST2PDPC29NGD20WSPPS0GEEEP6VJ9YS9APVEEV767
-     balance: '100000000000000'
-     sbtc-balance: '1000000000'
-   - name: wallet_1
-     address: ST1Y6Y0SDZ1F9HYAAGRA403F7XRE9XWRGWNEHZ9FX
-     balance: '100000000000000'
-     sbtc-balance: '1000000000'
-   - name: wallet_2
-     address: ST2MVS8VZ8EDJYZJ61MWJ4E33ANPKQ4T02YHV7S8Q
-     balance: '100000000000000'
-     sbtc-balance: '1000000000'
-   - name: wallet_3
-     address: ST35Y5HWT71H405Y5897024EQCG2Z00NV3DTFYN72
-     balance: '100000000000000'
-     sbtc-balance: '1000000000'
-   - name: wallet_4
-     address: ST3G2V96WN7WSKGWTGX9JNE5GNSCZC83Q37MP9D8C
-     balance: '100000000000000'
-     sbtc-balance: '1000000000'
-   - name: wallet_5
-     address: ST33R7MRB57A2AKP5BXQ6DXJ7G7E88ZBZ8DFG3802
-     balance: '5000'
-     sbtc-balance: '1000000000'
-   - name: wallet_6
-     address: ST28WKE308R725GEBA1T0X7HKGC26FEJSNZ45YQVB
-     balance: '0'
-     sbtc-balance: '1000000000'
+     - name: deployer
+       address: ST2VB0RYFA8HD43DYN4R1M33MRA8PDQ7N7ZS3YZMJ
+       balance: "100000000000000"
+       sbtc-balance: "1000000000"
+     - name: wallet_1
+       address: ST17V042Y0N5WZWB34YTP9FKKY1B9S1Z636PRH0AP
+       balance: "100000000000000"
+       sbtc-balance: "1000000000"
+     - name: wallet_2
+       address: ST1DKD93FMWW27XJKTEE7ZTWF5SKFR1SV42QRH3F7
+       balance: "100000000000000"
+       sbtc-balance: "1000000000"
+     - name: wallet_3
+       address: ST2G0657GXCFS0ABVFNKKBE42V1AFYPYX9HS0SQHH
+       balance: "100000000000000"
+       sbtc-balance: "1000000000"
+     - name: wallet_4
+       address: ST2FPMYAW07AAP6MPKYMRSH02EQJNCF4MHZ107H01
+       balance: "100000000000000"
+       sbtc-balance: "1000000000"
+     - name: wallet_5
+       address: ST3TCFKNQ7W1P0AA8BH42GM9J1377PDM7AVVEME32
+       balance: "5000"
+       sbtc-balance: "1000000000"
+     - name: wallet_6
+       address: ST1NZ19WBCCG9YY5D159EM0KX1JCC0494J589488G
+       balance: "0"
+       sbtc-balance: "1000000000"
    contracts:
-   - genesis
-   - lockup
-   - bns
-   - cost-voting
-   - costs
-   - pox
-   - costs-2
-   - pox-2
-   - costs-3
-   - pox-3
-   - pox-4
-   - signers
-   - signers-voting
-   - costs-4
-   - pox-5
+     - genesis
+     - lockup
+     - bns
+     - cost-voting
+     - costs
+     - pox
+     - costs-2
+     - pox-2
+     - costs-3
+     - pox-3
+     - pox-4
+     - signers
+     - signers-voting
+     - costs-4
  plan:
    batches:
-   - id: 0
-     transactions:
-     - transaction-type: emulated-contract-publish
-       contract-name: xchess-core-v1
-       emulated-sender: ST2PDPC29NGD20WSPPS0GEEEP6VJ9YS9APVEEV767
-       path: contracts/xchess-core-v1.clar
-       clarity-version: 4
-     - transaction-type: emulated-contract-publish
-       contract-name: xchess-peer-v1
-       emulated-sender: ST2PDPC29NGD20WSPPS0GEEEP6VJ9YS9APVEEV767
-       path: contracts/xchess-peer-v1.clar
-       clarity-version: 4
-     epoch: '4.0'
+     - id: 0
+       transactions:
+         - emulated-contract-publish:
+             contract-name: xchess-core-v1
+             emulated-sender: ST2VB0RYFA8HD43DYN4R1M33MRA8PDQ7N7ZS3YZMJ
+             path: contracts/xchess-core-v1.clar
+             clarity-version: 4
+         - emulated-contract-publish:
+             contract-name: xchess-peer-v1
+             emulated-sender: ST2VB0RYFA8HD43DYN4R1M33MRA8PDQ7N7ZS3YZMJ
+             path: contracts/xchess-peer-v1.clar
+             clarity-version: 4
+       epoch: "3.3"
Overwrite? [Y/n]
note: using deployments/default.simnet-plan.yaml
warning: use of potentially unchecked data
--> contracts/xchess-core-v1.clar:340:19
    (ok (register rules-hash ranked))
                  ^~~~~~~~~~
note:: source of untrusted input here
(define-public (open-game (rules-hash (optional (buff 32))) (ranked bool))
                           ^~~~~~~~~~
warning: use of potentially unchecked data
--> contracts/xchess-core-v1.clar:420:25
    (let ((id (register rules-hash ranked)))
                        ^~~~~~~~~~
note:: source of untrusted input here
    (rules-hash (optional (buff 32)))
     ^~~~~~~~~~
warning: use of potentially unchecked data
--> contracts/xchess-core-v1.clar:421:19
      (try! (fund id opponent))
                  ^~
note:: source of untrusted input here
    (rules-hash (optional (buff 32)))
     ^~~~~~~~~~
warning: use of potentially unchecked data
--> contracts/xchess-core-v1.clar:438:25
    (let ((id (register rules-hash ranked)))
                        ^~~~~~~~~~
note:: source of untrusted input here
    (rules-hash (optional (buff 32)))
     ^~~~~~~~~~
warning: use of potentially unchecked data
--> contracts/xchess-core-v1.clar:439:19
      (try! (fund id white))
                  ^~
note:: source of untrusted input here
    (rules-hash (optional (buff 32)))
     ^~~~~~~~~~
warning: use of potentially unchecked data
--> contracts/xchess-core-v1.clar:440:19
      (try! (fund id black))
                  ^~
note:: source of untrusted input here
    (rules-hash (optional (buff 32)))
     ^~~~~~~~~~
warning: use of potentially unchecked data
--> contracts/xchess-core-v1.clar:600:37
      (map-set Sponsorships { game: game, who: who }
                                    ^~~~
note:: source of untrusted input here
(define-public (settle-sponsorship (game uint) (who principal))
                                    ^~~~
warning: use of potentially unchecked data
--> contracts/xchess-core-v1.clar:600:48
      (map-set Sponsorships { game: game, who: who }
                                               ^~~
note:: source of untrusted input here
(define-public (settle-sponsorship (game uint) (who principal))
                                                ^~~
warning: use of potentially unchecked data
--> contracts/xchess-core-v1.clar:668:27
    (try! (pay-out amount to))
                          ^~
note:: source of untrusted input here
(define-public (withdraw (amount uint) (to principal))
                                        ^~
warning: use of potentially unchecked data
--> contracts/xchess-core-v1.clar:721:28
    (var-set expiry-blocks blocks)
                           ^~~~~~
note:: source of untrusted input here
(define-public (set-expiry-blocks (blocks uint))
                                   ^~~~~~
warning: use of potentially unchecked data
--> contracts/xchess-peer-v1.clar:21:15
      (key-ok creator-key) (> (len descriptor) u0)) ERR)
              ^~~~~~~~~~~
note:: source of untrusted input here
    (creator-key (buff 65)) (descriptor (buff 1024)))
     ^~~~~~~~~~~
warning: use of potentially unchecked data
--> contracts/xchess-peer-v1.clar:32:49
      (is-none (get opponent-key game)) (key-ok opponent-key)
                                                ^~~~~~~~~~~~
note:: source of untrusted input here
(define-public (join-peer-game (id uint) (expected-descriptor-hash (buff 32)) (opponent-key (buff 65)))
                                                                               ^~~~~~~~~~~~
! 12 warnings detected
✔ 2 contracts checked
