
> xchess@2.3.3 check:contract
> clarinet check

A new deployment plan was computed and differs from the default deployment plan currently saved on disk:
+ ---
  id: 0
- name: Simulated deployment, used as a default for `clarinet console`, `clarinet test` and `clarinet check`
+ name: "Simulated deployment, used as a default for `clarinet console`, `clarinet test` and `clarinet check`"
  network: simnet
  genesis:
    wallets:
-   - name: deployer
-     address: ST25AKVT5AAAB9TAHPR1A2PGP6ACJQCDYC85R245C
-     balance: '100000000000000'
-     sbtc-balance: '1000000000'
-   - name: wallet_1
-     address: ST112MY7RBNR81ZWP3YMVS2PJ6T5S88WA7XEB8C7F
-     balance: '100000000000000'
-     sbtc-balance: '1000000000'
-   - name: wallet_2
-     address: ST8GPJ7XMD12KZ1RM4W675QCSBCKWAJDN6CYXHW7
-     balance: '100000000000000'
-     sbtc-balance: '1000000000'
-   - name: wallet_3
-     address: ST3AWXNYMKXRKHQJ5QWF445QS5MK12HD7Q3PVXZH7
-     balance: '100000000000000'
-     sbtc-balance: '1000000000'
-   - name: wallet_4
-     address: STYWR0F5V8DNM3V8P17VHPKNN4T0TP9XD4NM54Y
-     balance: '100000000000000'
-     sbtc-balance: '1000000000'
-   - name: wallet_5
-     address: ST1HPYJKF4STJ0AHRHS4GESEQ25TE7KZG650RJAJ6
-     balance: '5000'
-     sbtc-balance: '1000000000'
-   - name: wallet_6
-     address: ST20JD09QYH9TH49N0GS9GR21SSE6WAN0MTSM4V46
-     balance: '0'
-     sbtc-balance: '1000000000'
+     - name: deployer
+       address: ST2YKAKHC0R7N6GCK6CKTW685GB6JNPXXJXN90JV6
+       balance: "100000000000000"
+       sbtc-balance: "1000000000"
+     - name: wallet_1
+       address: ST2E6DRG5N93DXQ4CRWZ3TBFFKSMJ82AMC0V1AHMN
+       balance: "100000000000000"
+       sbtc-balance: "1000000000"
+     - name: wallet_2
+       address: ST3J1QZY4927HAT481QXM0XAVMVCGHECS7RHY92DG
+       balance: "100000000000000"
+       sbtc-balance: "1000000000"
+     - name: wallet_3
+       address: ST1DFYHR7Z3FN1X1JY8ZJPCMM043Q74FVR09YEA52
+       balance: "100000000000000"
+       sbtc-balance: "1000000000"
+     - name: wallet_4
+       address: ST2TMK844N1TGD9M0M9T60NGP9EZGN6TDNQ4F1JFA
+       balance: "100000000000000"
+       sbtc-balance: "1000000000"
+     - name: wallet_5
+       address: ST3HVC4D1N6XJ3XVX0E8HP7DMMJPS4YDGENHZW4X6
+       balance: "5000"
+       sbtc-balance: "1000000000"
+     - name: wallet_6
+       address: ST2PJSER0HZ81M4QPYHVDKCQZ76JVZ2311D4Y7F8F
+       balance: "0"
+       sbtc-balance: "1000000000"
    contracts:
-   - genesis
-   - lockup
-   - bns
-   - cost-voting
-   - costs
-   - pox
-   - costs-2
-   - pox-2
-   - costs-3
-   - pox-3
-   - pox-4
-   - signers
-   - signers-voting
-   - costs-4
-   - pox-5
+     - genesis
+     - lockup
+     - bns
+     - cost-voting
+     - costs
+     - pox
+     - costs-2
+     - pox-2
+     - costs-3
+     - pox-3
+     - pox-4
+     - signers
+     - signers-voting
+     - costs-4
  plan:
    batches:
-   - id: 0
-     transactions:
-     - transaction-type: emulated-contract-publish
-       contract-name: xchess-core-v1
-       emulated-sender: ST25AKVT5AAAB9TAHPR1A2PGP6ACJQCDYC85R245C
-       path: contracts/xchess-core-v1.clar
-       clarity-version: 4
-     - transaction-type: emulated-contract-publish
-       contract-name: xchess-peer-v1
-       emulated-sender: ST25AKVT5AAAB9TAHPR1A2PGP6ACJQCDYC85R245C
-       path: contracts/xchess-peer-v1.clar
-       clarity-version: 4
-     epoch: '4.0'
+     - id: 0
+       transactions:
+         - emulated-contract-publish:
+             contract-name: xchess-core-v1
+             emulated-sender: ST2YKAKHC0R7N6GCK6CKTW685GB6JNPXXJXN90JV6
+             path: contracts/xchess-core-v1.clar
+             clarity-version: 4
+         - emulated-contract-publish:
+             contract-name: xchess-peer-v1
+             emulated-sender: ST2YKAKHC0R7N6GCK6CKTW685GB6JNPXXJXN90JV6
+             path: contracts/xchess-peer-v1.clar
+             clarity-version: 4
+       epoch: "3.3"
Overwrite? [Y/n]
note: using deployments/default.simnet-plan.yaml
warning: use of potentially unchecked data
--> contracts/xchess-core-v1.clar:340:19
    (ok (register rules-hash ranked))
                  ^~~~~~~~~~
note:: source of untrusted input here
(define-public (open-game (rules-hash (optional (buff 32))) (ranked bool))
                           ^~~~~~~~~~
warning: use of potentially unchecked data
--> contracts/xchess-core-v1.clar:420:25
    (let ((id (register rules-hash ranked)))
                        ^~~~~~~~~~
note:: source of untrusted input here
    (rules-hash (optional (buff 32)))
     ^~~~~~~~~~
warning: use of potentially unchecked data
--> contracts/xchess-core-v1.clar:421:19
      (try! (fund id opponent))
                  ^~
note:: source of untrusted input here
    (rules-hash (optional (buff 32)))
     ^~~~~~~~~~
warning: use of potentially unchecked data
--> contracts/xchess-core-v1.clar:438:25
    (let ((id (register rules-hash ranked)))
                        ^~~~~~~~~~
note:: source of untrusted input here
    (rules-hash (optional (buff 32)))
     ^~~~~~~~~~
warning: use of potentially unchecked data
--> contracts/xchess-core-v1.clar:439:19
      (try! (fund id white))
                  ^~
note:: source of untrusted input here
    (rules-hash (optional (buff 32)))
     ^~~~~~~~~~
warning: use of potentially unchecked data
--> contracts/xchess-core-v1.clar:440:19
      (try! (fund id black))
                  ^~
note:: source of untrusted input here
    (rules-hash (optional (buff 32)))
     ^~~~~~~~~~
warning: use of potentially unchecked data
--> contracts/xchess-core-v1.clar:600:37
      (map-set Sponsorships { game: game, who: who }
                                    ^~~~
note:: source of untrusted input here
(define-public (settle-sponsorship (game uint) (who principal))
                                    ^~~~
warning: use of potentially unchecked data
--> contracts/xchess-core-v1.clar:600:48
      (map-set Sponsorships { game: game, who: who }
                                               ^~~
note:: source of untrusted input here
(define-public (settle-sponsorship (game uint) (who principal))
                                                ^~~
warning: use of potentially unchecked data
--> contracts/xchess-core-v1.clar:668:27
    (try! (pay-out amount to))
                          ^~
note:: source of untrusted input here
(define-public (withdraw (amount uint) (to principal))
                                        ^~
warning: use of potentially unchecked data
--> contracts/xchess-core-v1.clar:721:28
    (var-set expiry-blocks blocks)
                           ^~~~~~
note:: source of untrusted input here
(define-public (set-expiry-blocks (blocks uint))
                                   ^~~~~~
warning: use of potentially unchecked data
--> contracts/xchess-peer-v1.clar:21:15
      (key-ok creator-key) (> (len descriptor) u0)) ERR)
              ^~~~~~~~~~~
note:: source of untrusted input here
    (creator-key (buff 65)) (descriptor (buff 1024)))
     ^~~~~~~~~~~
warning: use of potentially unchecked data
--> contracts/xchess-peer-v1.clar:32:49
      (is-none (get opponent-key game)) (key-ok opponent-key)
                                                ^~~~~~~~~~~~
note:: source of untrusted input here
(define-public (join-peer-game (id uint) (expected-descriptor-hash (buff 32)) (opponent-key (buff 65)))
                                                                               ^~~~~~~~~~~~
! 12 warnings detected
✔ 2 contracts checked
